
> lms_frontend_aryan@0.0.0 test
> jest --passWithNoTests --runInBand

node.exe : ts-jest[ts-jest-transformer] (WARN) Define `ts-jest` config 
under `globals` is deprecated. Please do
At line:1 char:1
+ & "C:\Program Files\nodejs/node.exe" "C:\Program Files\nodejs/node_mo 
...
+ ~~~~~~~~~~~~~~~~~~~~~~~~~~~~~~~~~~~~~~~~~~~~~~~~~~~~~~~~~~~~~~~~~~~~~
    + CategoryInfo          : NotSpecified: (ts-jest[ts-jest...ated. Plea 
   se do:String) [], RemoteException
    + FullyQualifiedErrorId : NativeCommandError
 
transform: {
    <transform_regex>: ['ts-jest', { /* ts-jest config goes here in Jest 
*/ }],
},
See more at 
https://kulshekhar.github.io/ts-jest/docs/getting-started/presets#advanced
FAIL src/components/ui/__tests__/MultiSelectDropdown.test.tsx
  ΓùÅ Test suite failed to run

    
[96msrc/components/ui/MultiSelectDropdown.tsx[0m:[93m2[0m:[93m8[0m 
- [91merror[0m[90m TS2307: [0mCannot find module 
'./MultiSelectDropdown.css' or its corresponding type declarations.

    [7m2[0m import './MultiSelectDropdown.css';
    [7m [0m [91m       ~~~~~~~~~~~~~~~~~~~~~~~~~~~[0m

FAIL src/services/__tests__/AgencyMaster.test.ts
  ΓùÅ Test suite failed to run

    [96msrc/constants/index.ts[0m:[93m2[0m:[93m29[0m - 
[91merror[0m[90m TS1343: [0mThe 'import.meta' meta-property is only 
allowed when the '--module' option is 'es2020', 'es2022', 'esnext', 
'system', 'node16', 'node18', 'node20', or 'nodenext'.

    [7m2[0m export const API_BASE_URL = 
import.meta.env.VITE_API_BASE_URL || '/api';
    [7m [0m [91m                            ~~~~~~~~~~~[0m
    [96msrc/constants/index.ts[0m:[93m2[0m:[93m41[0m - 
[91merror[0m[90m TS2339: [0mProperty 'env' does not exist on type 
'ImportMeta'.

    [7m2[0m export const API_BASE_URL = 
import.meta.env.VITE_API_BASE_URL || '/api';
    [7m [0m [91m                                        ~~~[0m

Test Suites: 2 failed, 2 total
Tests:       0 total
Snapshots:   0 total
Time:        4.358 s
Ran all test suites.
